    Call-ID: fa8caa7c-c075-4bf3-abd4-b16f4ed18263
    CSeq: 3242 ACK
    Content-Length:  0
    
    
    --end msg--
2020-05-06 22:16:49.411 10150-11485/com.ruixun.test1 D/sipstack: 22:16:49.410    pjsua_vid.c  .....Call 0: set video stream, op=5
2020-05-06 22:16:49.411 10150-11485/com.ruixun.test1 D/sipstack: 22:16:49.411 vstenc0x982280  ......Encoder stream resumed
2020-05-06 22:16:49.414 10150-11485/com.ruixun.test1 D/sipstack: 22:16:49.413  tsx0x9c02c864  Timeout timer event
2020-05-06 22:16:49.415 10150-11485/com.ruixun.test1 D/sipstack: 22:16:49.414  tsx0x9c02c864  .State changed from Terminated to Destroyed, event=TIMER
2020-05-06 22:16:49.415 10150-11485/com.ruixun.test1 D/sipstack: 22:16:49.415  tsx0x9c02c864  Transaction destroyed!
2020-05-06 22:16:49.429 10150-11476/com.ruixun.test1 D/sipstack: 22:16:49.428 vstdec0x982280 !RTP status: badpt=0, badssrc=0, dup=0, outorder=0, probation=-1, restart=0
2020-05-06 22:16:49.431 10150-11475/com.ruixun.test1 D/sipstack: 22:16:49.429 strm0x9924a014 !RTP status: badpt=0, badssrc=0, dup=0, outorder=0, probation=-1, restart=0
2020-05-06 22:16:49.440 10150-12132/com.ruixun.test1 D/sipstack: 22:16:49.440 strm0x9924a014 !Jitter buffer starts returning normal frames (after 2 empty/lost)
2020-05-06 22:16:49.441 10150-12147/com.ruixun.test1 D/sipstack: 22:16:49.440   openh264.cpp !Frame size changed: 976x976 --> 240x320
2020-05-06 22:16:49.442 10150-12132/com.ruixun.test1 D/sipstack: 22:16:49.442 strm0x9924a014 !Jitter buffer empty (prefetch=0), plc invoked
2020-05-06 22:16:49.454 10150-10405/com.ruixun.test1 D/sipstack: 22:16:49.453    pjsua_vid.c !Starting preview for cap_dev=1, show=1
2020-05-06 22:16:49.454 10150-10405/com.ruixun.test1 D/sipstack: 22:16:49.454    pjsua_vid.c  .Creating video window: type=preview, cap_id=1, rend_id=-2
2020-05-06 22:16:49.454 10150-10405/com.ruixun.test1 D/sipstack: 22:16:49.454    pjsua_vid.c  ..Window already exists for cap_dev=1, returning wid=1
2020-05-06 22:16:49.454 10150-10405/com.ruixun.test1 D/sipstack: 22:16:49.454    pjsua_vid.c  ..Ignored error on setting window visibility on wid=1: Invalid or unsupported video capability (PJMEDIA_EVID_INVCAP)
2020-05-06 22:16:49.454 10150-10405/com.ruixun.test1 D/sipstack: 22:16:49.454    pjsua_vid.c  ..Ignored error on setting window flags on wid=1: Invalid or unsupported video capability (PJMEDIA_EVID_INVCAP)
2020-05-06 22:16:49.460 10150-10405/com.ruixun.test1 D/sipstack: 22:16:49.460 android_opengl  ..Re-initializing OpenGL with native window 0x9c01c508: success
2020-05-06 22:16:49.460 10150-10405/com.ruixun.test1 D/sipstack: 22:16:49.460 android_opengl  .Starting Android opengl stream
2020-05-06 22:16:49.461 10150-10405/com.ruixun.test1 D/sipstack: 22:16:49.461  android_dev.c  Video capture orientation set to 4
2020-05-06 22:16:49.468 10150-10405/com.ruixun.test1 D/sipstack: 22:16:49.468 android_opengl  Re-initializing OpenGL with native window 0x9a870e08: success
2020-05-06 22:16:49.471 10150-10405/com.ruixun.test1 D/sipstack: 22:16:49.470    pjsua_vid.c  Call 0: set video stream, op=5
2020-05-06 22:16:49.471 10150-10405/com.ruixun.test1 D/sipstack: 22:16:49.471 vstenc0x982280  .Encoder stream resumed
2020-05-06 22:16:49.472 10150-10405/com.ruixun.test1 D/sipstack: 22:16:49.472  android_dev.c  Video capture orientation set to 4
2020-05-06 22:16:49.480 10150-12132/com.ruixun.test1 D/sipstack: 22:16:49.480 strm0x9924a014 !Jitter buffer starts returning normal frames (after 1 empty/lost)
2020-05-06 22:16:49.590 10150-12147/com.ruixun.test1 D/sipstack: 22:16:49.589 vstdec0x982280 ! Decoding format changed: 240x320 I420<- 15/1(~15)fps
2020-05-06 22:16:49.591 10150-12147/com.ruixun.test1 D/sipstack: 22:16:49.590 android_opengl  Stopping Android opengl stream
2020-05-06 22:16:49.594 10150-12147/com.ruixun.test1 D/sipstack: 22:16:49.593 android_opengl  Re-initializing OpenGL due to format change
2020-05-06 22:16:49.594 10150-12147/com.ruixun.test1 D/sipstack: 22:16:49.594 android_opengl  Starting Android opengl stream
2020-05-06 22:16:49.761 10150-12132/com.ruixun.test1 D/sipstack: 22:16:49.761 strm0x9924a014 !Jitter buffer empty (prefetch=0), plc invoked
2020-05-06 22:16:49.774 10150-12160/com.ruixun.test1 D/sipstack: 22:16:49.774 vstenc0x982280 !Forcing encoder to generate keyframe
2020-05-06 22:16:49.800 10150-12132/com.ruixun.test1 D/sipstack: 22:16:49.800 strm0x9924a014 !Jitter buffer starts returning normal frames (after 1 empty/lost)
2020-05-06 22:16:49.802 10150-12132/com.ruixun.test1 D/sipstack: 22:16:49.802 strm0x9924a014  Jitter buffer empty (prefetch=0), plc invoked
2020-05-06 22:16:49.840 10150-12132/com.ruixun.test1 D/sipstack: 22:16:49.840 strm0x9924a014  Jitter buffer starts returning normal frames (after 1 empty/lost)
2020-05-06 22:16:50.000 10150-12132/com.ruixun.test1 D/sipstack: 22:16:50.000 strm0x9924a014  Jitter buffer empty (prefetch=0), plc invoked
2020-05-06 22:16:50.003 10150-12132/com.ruixun.test1 D/sipstack: 22:16:50.002 strm0x9924a014  VAD re-enabled
2020-05-06 22:16:50.003 10150-12132/com.ruixun.test1 D/sipstack: 22:16:50.003 strm0x9924a014  Starting silence
2020-05-06 22:16:51.642 10150-12132/com.ruixun.test1 D/sipstack: 22:16:51.641   silencedet.c  Re-adjust threshold (in silence)to 16
2020-05-06 22:16:51.643 10150-12132/com.ruixun.test1 D/sipstack: 22:16:51.643   silencedet.c  Starting talk burst (level=25 threshold=16)
2020-05-06 22:16:51.644 10150-12132/com.ruixun.test1 D/sipstack: 22:16:51.643 strm0x9924a014  Start talksprut..
2020-05-06 22:16:52.842 10150-12132/com.ruixun.test1 D/sipstack: 22:16:52.842   silencedet.c  Starting silence (level=15 threshold=20)
2020-05-06 22:16:52.842 10150-12132/com.ruixun.test1 D/sipstack: 22:16:52.842 strm0x9924a014  Starting silence
2020-05-06 22:16:53.204 10150-12132/com.ruixun.test1 D/sipstack: 22:16:53.204   silencedet.c  Starting talk burst (level=21 threshold=20)
2020-05-06 22:16:53.205 10150-12132/com.ruixun.test1 D/sipstack: 22:16:53.204 strm0x9924a014  Start talksprut..
2020-05-06 22:16:54.003 10150-12132/com.ruixun.test1 D/sipstack: 22:16:54.003 strm0x9924a014  Jitter buffer starts returning normal frames (after 200 empty/lost)
2020-05-06 22:16:54.006 10150-12132/com.ruixun.test1 D/sipstack: 22:16:54.006 strm0x9924a014  Jitter buffer empty (prefetch=0), plc invoked
2020-05-06 22:16:54.043 10150-12132/com.ruixun.test1 D/sipstack: 22:16:54.043 strm0x9924a014  Jitter buffer starts returning normal frames (after 1 empty/lost)
2020-05-06 22:16:54.046 10150-12132/com.ruixun.test1 D/sipstack: 22:16:54.046 strm0x9924a014  Jitter buffer empty (prefetch=0), plc invoked
2020-05-06 22:16:54.163 10150-12132/com.ruixun.test1 D/sipstack: 22:16:54.163 strm0x9924a014  Jitter buffer starts returning normal frames (after 5 empty/lost)
2020-05-06 22:16:54.326 10150-12132/com.ruixun.test1 D/sipstack: 22:16:54.325 strm0x9924a014  Jitter buffer empty (prefetch=0), plc invoked
2020-05-06 22:16:54.363 10150-12132/com.ruixun.test1 D/sipstack: 22:16:54.363 strm0x9924a014  Jitter buffer starts returning normal frames (after 1 empty/lost)
2020-05-06 22:16:54.416 10150-10405/com.ruixun.test1 D/sipstack: 22:16:54.416    pjsua_vid.c !Call 0: set video stream, op=7
2020-05-06 22:16:54.451 10150-12160/com.ruixun.test1 D/sipstack: 22:16:54.449 vstenc0x982280 !Forcing encoder to generate keyframe
2020-05-06 22:16:55.490 10150-11485/com.ruixun.test1 D/sipstack: 22:16:55.489 sip_endpoint.c !Processing incoming message: Request msg BYE/cseq=19833515 (rdata0x99232014)
2020-05-06 22:16:55.492 10150-11485/com.ruixun.test1 D/sipstack: 22:16:55.492   pjsua_core.c  .RX 522 bytes Request msg BYE/cseq=19833515 (rdata0x99232014) from UDP 112.74.178.87:5060:
    BYE sip:UA1011@192.168.1.101:40043;ob SIP/2.0
    Via: SIP/2.0/UDP 10.0.76.29:5060;branch=z9hG4bKe793.ec8689a6.0
    Max-Forwards: 68
    From: <sip:UA1012@112.74.178.87>;tag=8XeS5m197N83S
    To: "哈哈" <sip:UA1011@112.74.178.87>;tag=064aa986-d860-49fb-93a8-367cd8cf494a
    Call-ID: fa8caa7c-c075-4bf3-abd4-b16f4ed18263
    CSeq: 19833515 BYE
    Allow: INVITE, ACK, BYE, CANCEL, OPTIONS, MESSAGE, INFO, UPDATE, REGISTER, REFER, NOTIFY
    Supported: timer, path, replaces
    Reason: Q.850;cause=16;text="NORMAL_CLEARING"
    Content-Length: 0
    
    
    --end msg--
2020-05-06 22:16:55.493 10150-11485/com.ruixun.test1 D/sipstack: 22:16:55.493  dlg0x9c02c064  .Received Request msg BYE/cseq=19833515 (rdata0x99232014)
2020-05-06 22:16:55.494 10150-11485/com.ruixun.test1 D/sipstack: 22:16:55.494  tsx0x9c02c864  ...Transaction created for Request msg BYE/cseq=19833515 (rdata0x99232014)
2020-05-06 22:16:55.495 10150-11485/com.ruixun.test1 D/sipstack: 22:16:55.494  tsx0x9c02c864  ..Incoming Request msg BYE/cseq=19833515 (rdata0x99232014) in state Null
2020-05-06 22:16:55.496 10150-11485/com.ruixun.test1 D/sipstack: 22:16:55.495  tsx0x9c02c864  ...State changed from Null to Trying, event=RX_MSG
2020-05-06 22:16:55.497 10150-11485/com.ruixun.test1 D/sipstack: 22:16:55.496  dlg0x9c02c064  ....Transaction tsx0x9c02c864 state changed to Trying
2020-05-06 22:16:55.498 10150-11485/com.ruixun.test1 D/sipstack: 22:16:55.497       endpoint  .....Response msg 200/BYE/cseq=19833515 (tdta0x98232064) created
2020-05-06 22:16:55.498 10150-11485/com.ruixun.test1 D/sipstack: 22:16:55.498  dlg0x9c02c064  ......Sending Response msg 200/BYE/cseq=19833515 (tdta0x98232064)
2020-05-06 22:16:55.499 10150-11485/com.ruixun.test1 D/sipstack: 22:16:55.499  tsx0x9c02c864  ......Sending Response msg 200/BYE/cseq=19833515 (tdta0x98232064) in state Trying
2020-05-06 22:16:55.500 10150-11485/com.ruixun.test1 D/sipstack: 22:16:55.499  sip_resolve.c  .......Target '112.74.178.87:5060' type=UDP resolved to '112.74.178.87:5060' type=UDP (UDP transport)
2020-05-06 22:16:55.500 10150-11485/com.ruixun.test1 D/sipstack: 22:16:55.500   pjsua_core.c  .......TX 326 bytes Response msg 200/BYE/cseq=19833515 (tdta0x98232064) to UDP 112.74.178.87:5060:
    SIP/2.0 200 OK
    Via: SIP/2.0/UDP 10.0.76.29:5060;received=112.74.178.87;branch=z9hG4bKe793.ec8689a6.0
    Call-ID: fa8caa7c-c075-4bf3-abd4-b16f4ed18263
    From: <sip:UA1012@112.74.178.87>;tag=8XeS5m197N83S
    To: "哈哈" <sip:UA1011@112.74.178.87>;tag=064aa986-d860-49fb-93a8-367cd8cf494a
    CSeq: 19833515 BYE
    Content-Length:  0
    
    
    --end msg--
2020-05-06 22:16:55.501 10150-11485/com.ruixun.test1 D/sipstack: 22:16:55.501  tsx0x9c02c864  .......State changed from Trying to Completed, event=TX_MSG
2020-05-06 22:16:55.504 10150-11485/com.ruixun.test1 D/sipstack: 22:16:55.502  dlg0x9c02c064  ........Transaction tsx0x9c02c864 state changed to Completed
2020-05-06 22:16:55.511 10150-11485/com.ruixun.test1 D/sipstack: 22:16:55.511    pjsua_vid.c  ......Stopping preview for cap_dev=1
2020-05-06 22:16:55.512 10150-11485/com.ruixun.test1 D/sipstack: 22:16:55.511 android_opengl  .......Stopping Android opengl stream
2020-05-06 22:16:55.517 10150-11485/com.ruixun.test1 D/sipstack: 22:16:55.516  pjsua_media.c  ......Call 0: deinitializing media..
2020-05-06 22:16:55.518 10150-11485/com.ruixun.test1 D/sipstack: 22:16:55.517 strm0x9924a014  ........JB summary:
      size=8/eff=8 prefetch=0 level=11
      delay (min/max/avg/dev)=20/120/88/40 ms
      burst (min/max/avg/dev)=2/12/4/1 frames
      lost=0 discard=0 empty=212
2020-05-06 22:16:55.519 10150-11485/com.ruixun.test1 D/sipstack: 22:16:55.518  pjsua_media.c  ........Media stream call00:0 is destroyed
2020-05-06 22:16:55.520 10150-11485/com.ruixun.test1 D/sipstack: 22:16:55.519    pjsua_vid.c  ........Stopping video stream..
2020-05-06 22:16:55.561 10150-11485/com.ruixun.test1 D/sipstack: 22:16:55.560  android_dev.c  .........Stopping Android camera stream
2020-05-06 22:16:55.581 10150-11485/com.ruixun.test1 D/sipstack: 22:16:55.580    pjsua_vid.c  .........Window 1: destroying..
2020-05-06 22:16:55.582 10150-11485/com.ruixun.test1 D/sipstack: 22:16:55.581  android_dev.c  ..........Stopping Android camera stream
2020-05-06 22:16:55.583 10150-11485/com.ruixun.test1 D/sipstack: 22:16:55.582     vid_port.c  ..........Closing Front camera..
2020-05-06 22:16:55.585 10150-11485/com.ruixun.test1 D/sipstack: 22:16:55.584  android_dev.c  ..........Android camera stream destroyed
2020-05-06 22:16:55.586 10150-11485/com.ruixun.test1 D/sipstack: 22:16:55.585 android_opengl  ..........Stopping Android opengl stream
2020-05-06 22:16:55.588 10150-11485/com.ruixun.test1 D/sipstack: 22:16:55.587     vid_port.c  ..........Closing OpenGL renderer..
2020-05-06 22:16:55.589 10150-11485/com.ruixun.test1 D/sipstack: 22:16:55.588 android_opengl  ..........Stopping Android opengl stream
2020-05-06 22:16:55.607 10150-11485/com.ruixun.test1 D/sipstack: 22:16:55.607 android_opengl  .........Stopping Android opengl stream
2020-05-06 22:16:55.608 10150-11485/com.ruixun.test1 D/sipstack: 22:16:55.607    pjsua_vid.c  .........Window 0: destroying..
2020-05-06 22:16:55.609 10150-11485/com.ruixun.test1 D/sipstack: 22:16:55.608 android_opengl  ..........Stopping Android opengl stream
2020-05-06 22:16:55.609 10150-11485/com.ruixun.test1 D/sipstack: 22:16:55.609     vid_port.c  ..........Closing OpenGL renderer..
2020-05-06 22:16:55.610 10150-11485/com.ruixun.test1 D/sipstack: 22:16:55.609 android_opengl  ..........Stopping Android opengl stream
2020-05-06 22:16:55.619 10150-11485/com.ruixun.test1 D/sipstack: 22:16:55.617 vstdec0x982280  .........JB summary:
      size=1/eff=1 prefetch=0 level=0
      delay (min/max/avg/dev)=0/0/0/0 ms
      burst (min/max/avg/dev)=0/0/0/0 frames
      lost=0 discard=0 empty=0
2020-05-06 22:16:55.621 10150-11485/com.ruixun.test1 D/sipstack: 22:16:55.620  pjsua_media.c  ........Media stream call00:1 is destroyed
2020-05-06 22:16:55.622 10150-11485/com.ruixun.test1 D/sipstack: 22:16:55.621 tdta0x98231064  .....Destroying txdata Request msg ACK/cseq=3242 (tdta0x98231064)
2020-05-06 22:16:55.623 10150-11485/com.ruixun.test1 D/sipstack: 22:16:55.622 tdta0x9825f064  .....Destroying txdata Request msg INVITE/cseq=3242 (tdta0x9825f064)
2020-05-06 22:16:55.624 10150-11485/com.ruixun.test1 D/sipstack: 22:16:55.623  dlg0x9c02c064  ......Session count dec to 3 by mod-invite
2020-05-06 22:16:56.518 10150-11485/com.ruixun.test1 D/sipstack: 22:16:56.517    pjsua_aud.c  Closing sound device after idle for 1 second(s)
2020-05-06 22:16:56.519 10150-11485/com.ruixun.test1 D/sipstack: 22:16:56.518    pjsua_aud.c  .Closing Android JNI sound playback device and Android JNI sound capture device
2020-05-06 22:16:56.520 10150-11485/com.ruixun.test1 D/sipstack: 22:16:56.519 android_jni_de  .Android JNI stream stopped
2020-05-06 22:16:56.521 10150-11485/com.ruixun.test1 D/sipstack: 22:16:56.521 android_jni_de  .Destroying Android JNI stream...
2020-05-06 22:16:56.525 10150-12132/com.ruixun.test1 D/sipstack: 22:16:56.523 android_jni_de !Player thread stopped
2020-05-06 22:16:56.558 10150-12130/com.ruixun.test1 D/sipstack: 22:16:56.557 android_jni_de !Recorder thread stopped
2020-05-06 22:16:56.561 10150-11485/com.ruixun.test1 D/sipstack: 22:16:56.560 android_jni_de !.Audio record released
2020-05-06 22:16:56.569 10150-11485/com.ruixun.test1 D/sipstack: 22:16:56.569 android_jni_de  .Audio track released
2020-05-06 22:16:56.569 10150-11485/com.ruixun.test1 D/sipstack: 22:16:56.569 android_jni_de  .Android JNI stream destroyed
